<html>
<body>
<pre>
<h1>µVision Build Log</h1>
<h2>Tool Versions:</h2>
IDE-Version: µVision V5.17.0.0
Copyright (C) 2015 ARM Ltd and ARM Germany GmbH. All rights reserved.
License Information: Paul Golovkin, NIIPM, LIC=2TTNN-YF1AI-YC7J1-CXFZ7-K1DVS-V1PY1
 
Tool Versions:
Toolchain:       MDK-ARM Professional  Version: 5.17
Toolchain Path:  C:\Keil_v5\ARM\ARMCC\Bin
C Compiler:      Armcc.exe V5.06 update 1 (build 61)
Assembler:       Armasm.exe V5.06 update 1 (build 61)
Linker/Locator:  ArmLink.exe V5.06 update 1 (build 61)
Library Manager: ArmAr.exe V5.06 update 1 (build 61)
Hex Converter:   FromElf.exe V5.06 update 1 (build 61)
CPU DLL:         SARMCM3.DLL V5.17
Dialog DLL:      DCM.DLL V1.13.4.0
Target DLL:      Segger\JL2CM3.dll V2.99.16.0
Dialog DLL:      TCM.DLL V1.14.6.0
 
<h2>Project:</h2>
C:\Users\pasha\Documents\Keil\milandr\milandr\milandr.uvprojx
Project File Date:  09/28/2017

<h2>Output:</h2>
*** Using Compiler 'V5.06 update 1 (build 61)', folder: 'C:\Keil_v5\ARM\ARMCC\Bin'
Build target 'Target 1'
compiling main.c...
linking...
Program Size: Code=2876 RO-data=224 RW-data=4 ZI-data=1692  
FromELF: creating hex file...
".\Objects\milandr.axf" - 0 Error(s), 0 Warning(s).

<h2>Software Packages used:</h2>

Package Vendor: ARM
                http://www.keil.com/pack/ARM.CMSIS.4.5.0.pack
                ARM::CMSIS:CORE:4.3.0
                CMSIS (Cortex Microcontroller Software Interface Standard)
   * Component: CORE Version: 4.3.0

Package Vendor: Milandr
                https://github.com/in4lio/mdr1986x-pack-repo/raw/master/Milandr.MDR1986BExx.1.4.2.pack
                Milandr::Device:Startup:1.3.1
                Milandr MDR1986BExx Series Device Support, Drivers and Examples
   * Component: Startup Version: 1.3.1
   * Component: PORT Version: 1.3.1
   * Component: RST_CLK Version: 1.3.1
   * Component: SSP Version: 1.3.1
   * Component: UART Version: 1.3.1

<h2>Collection of Component include folders:</h2>
  C:\Users\pasha\Documents\Keil\milandr\milandr\RTE
  C:\Users\pasha\Documents\Keil\milandr\milandr\RTE\Device\MDR1986BE92
  C:\Keil_v5\ARM\PACK\ARM\CMSIS\4.5.0\CMSIS\Include
  C:\Keil_v5\ARM\PACK\Milandr\MDR1986BExx\1.4.2\Config
  C:\Keil_v5\ARM\PACK\Milandr\MDR1986BExx\1.4.2\Libraries\CMSIS\CM3\CoreSupport
  C:\Keil_v5\ARM\PACK\Milandr\MDR1986BExx\1.4.2\Libraries\CMSIS\CM3\DeviceSupport\MDR32F9Qx\inc
  C:\Keil_v5\ARM\PACK\Milandr\MDR1986BExx\1.4.2\Libraries\MDR32F9Qx_StdPeriph_Driver\inc

<h2>Collection of Component Files used:</h2>

   * Component: ARM::CMSIS:CORE:4.3.0

   * Component: Milandr::Device:Startup:1.3.1
      Source file:   Libraries\CMSIS\CM3\DeviceSupport\MDR32F9Qx\startup\arm\startup_MDR32F9Qx.s
      Source file:   Libraries\CMSIS\CM3\DeviceSupport\MDR32F9Qx\startup\system_MDR32F9Qx.c
      Include file:  Libraries\CMSIS\CM3\DeviceSupport\MDR32F9Qx\startup\system_MDR32F9Qx.h
      Include file:  Libraries\CMSIS\CM3\CoreSupport\core_cm3.h
      Include file:  Config\MDR32F9Qx_config.h
      Include file:  CMSIS_Driver\MDR1986VE9X\Config\RTE_Device.h

   * Component: Milandr::Drivers:PORT:1.3.1
      Include file:  Libraries\MDR32F9Qx_StdPeriph_Driver\inc\MDR32F9Qx_port.h
      Source file:   Libraries\MDR32F9Qx_StdPeriph_Driver\src\MDR32F9Qx_port.c

   * Component: Milandr::Drivers:RST_CLK:1.3.1
      Include file:  Libraries\MDR32F9Qx_StdPeriph_Driver\inc\MDR32F9Qx_rst_clk.h
      Source file:   Libraries\MDR32F9Qx_StdPeriph_Driver\src\MDR32F9Qx_rst_clk.c

   * Component: Milandr::Drivers:SSP:1.3.1
      Include file:  Libraries\MDR32F9Qx_StdPeriph_Driver\inc\MDR32F9Qx_ssp.h
      Source file:   Libraries\MDR32F9Qx_StdPeriph_Driver\src\MDR32F9Qx_ssp.c

   * Component: Milandr::Drivers:UART:1.3.1
      Include file:  Libraries\MDR32F9Qx_StdPeriph_Driver\inc\MDR32F9Qx_uart.h
      Source file:   Libraries\MDR32F9Qx_StdPeriph_Driver\src\MDR32F9Qx_uart.c
Build Time Elapsed:  00:00:01
</pre>
</body>
</html>
